../Core/Src/VL53L0X.c:36:6:writeReg	16	static
../Core/Src/VL53L0X.c:41:6:writeReg16Bit	24	static
../Core/Src/VL53L0X.c:50:6:writeReg32Bit	24	static
../Core/Src/VL53L0X.c:61:9:readReg	32	static
../Core/Src/VL53L0X.c:70:10:readReg16Bit	32	static
../Core/Src/VL53L0X.c:80:10:readReg32Bit	32	static
../Core/Src/VL53L0X.c:92:6:writeMulti	16	static
../Core/Src/VL53L0X.c:100:6:readMulti	16	static
../Core/Src/VL53L0X.c:108:6:setAddress	16	static
../Core/Src/VL53L0X.c:113:9:getAddress	8	static
../Core/Src/VL53L0X.c:125:6:initVL53L0X	40	static
../Core/Src/VL53L0X.c:353:6:setSignalRateLimit	16	static
../Core/Src/VL53L0X.c:363:7:getSignalRateLimit	8	static
../Core/Src/VL53L0X.c:375:6:setMeasurementTimingBudget	88	static
../Core/Src/VL53L0X.c:464:10:getMeasurementTimingBudget	64	static
../Core/Src/VL53L0X.c:518:6:setVcselPulsePeriod	64	static
../Core/Src/VL53L0X.c:695:9:getVcselPulsePeriod	16	static
../Core/Src/VL53L0X.c:714:6:startContinuous	32	static
../Core/Src/VL53L0X.c:752:6:stopContinuous	8	static
../Core/Src/VL53L0X.c:767:10:readRangeContinuousMillimeters	40	static
../Core/Src/VL53L0X.c:810:10:readRangeSingleMillimeters	16	static
../Core/Src/VL53L0X.c:832:6:timeoutOccurred	16	static
../Core/Src/VL53L0X.c:839:6:setTimeout	16	static
../Core/Src/VL53L0X.c:843:10:getTimeout	8	static
../Core/Src/VL53L0X.c:852:6:getSpadInfo	32	static
../Core/Src/VL53L0X.c:894:6:getSequenceStepEnables	32	static
../Core/Src/VL53L0X.c:909:6:getSequenceStepTimeouts	16	static
../Core/Src/VL53L0X.c:943:10:decodeTimeout	16	static
../Core/Src/VL53L0X.c:954:10:encodeTimeout	24	static
../Core/Src/VL53L0X.c:978:10:timeoutMclksToMicroseconds	24	static
../Core/Src/VL53L0X.c:987:10:timeoutMicrosecondsToMclks	24	static
../Core/Src/VL53L0X.c:996:6:performSingleRefCalibration	16	static
